
supermemory lite
Lite version is licensed upto 10k documents: read the license at git.new/memory

  * encrypted local storage  /tmp/tmp.ssazilGbcE/.supermemory
  + encrypted local storage  ready · 5.3s
  * embeddings
  + embeddings  local · Xenova/bge-base-en-v1.5 · 768d · 12ms
  * http server  port 6783
  + http server  listening on http://localhost:6783 · 4ms

  > supermemory ready

    url         http://localhost:6783
    database    encrypted local storage (/tmp/tmp.ssazilGbcE/.supermemory)
    embeddings  local · Xenova/bge-base-en-v1.5 · 768d
    workflow    rivet
    api key     sm_<redacted>
    org id      fHY6S4q1Dxfm26nJPEm5DV
    boot        11s

  the api key above is auto-applied for unauthenticated localhost requests.

[ingest] memory limit 1.0 GB above baseline (1.2 GB) · 2 concurrent — set SUPERMEMORY_EMBEDDING_RAM_LIMIT=ngb to change
Memory not found for id x and orgId fHY6S4q1Dxfm26nJPEm5DV
[21:33:33] [Extraction] Extracted with text
  * local embeddings  Xenova/bge-base-en-v1.5 · first-run download
      pool: 1 worker · 1 thread each
      cache: /tmp/tmp.ssazilGbcE/.supermemory/models
[Workflow] Document Te9ojTFM5FuC4ucLDW1BrY embedding 1 chunks (1 batches)
      downloading model from huggingface (first run only)…
      [                        ] 0% · 717 B / 106 MB
      fetching weights: onnx/model_quantized.onnx
      [==                      ] 10% · 11 MB / 106 MB
      [=====                   ] 20% · 21 MB / 106 MB
      [=======                 ] 30% · 32 MB / 106 MB
      [==========              ] 40% · 42 MB / 106 MB
      [============            ] 50% · 53 MB / 106 MB
      [==============          ] 60% · 63 MB / 106 MB
      [=================       ] 70% · 74 MB / 106 MB
      [===================     ] 80% · 85 MB / 106 MB
      [======================  ] 90% · 95 MB / 106 MB
      [========================] 100% · 106 MB / 106 MB
      [========================] 100% · 106 MB / 106 MB
      worker 1/1 ready · downloaded + loaded in 5.8s
  + local embeddings  1 worker ready · native backend · 5.8s
[Workflow] Document Te9ojTFM5FuC4ucLDW1BrY stored 1 embedded chunks
[Workflow] Document Te9ojTFM5FuC4ucLDW1BrY starting memory agent (1 chunks)
[Workflow] Document Te9ojTFM5FuC4ucLDW1BrY memory agent completed (32ms, 0 memories)
[21:33:39] [Workflow] Document Te9ojTFM5FuC4ucLDW1BrY finalized: 1 chunks, 0 memories
